test_proxy_simple (__main__.Project3Checkpoint1Test) ... INFO       2016-11-28 00:47:39,149 netsim:162     Starting simulated network...
INFO       2016-11-28 00:47:39,149 netsim:165     Creating network interfaces...
INFO       2016-11-28 00:47:39,172 netsim:173     Enabling traffic shaping...
INFO       2016-11-28 00:47:39,818 netsim:181     Configuring apache...
INFO       2016-11-28 00:47:39,928 netsim:189     Network started.
!!! check thr_info: 0.000000, 0.000000
INFO       2016-11-28 00:47:43,273 netsim:143     Running link events...
INFO       2016-11-28 00:47:43,273 netsim:118     Updating link:  0 link1 900kbit 0ms
INFO       2016-11-28 00:47:43,569 netsim:155     Done running events.

!!!!! accept new clientfd: 7
line 265,read_ret for skt_read_buf: 193
line 265,read_ret for skt_read_buf: -1
!!!parse success
line 312 after get_host_and_port
line 323 into while
new uri: /vod/big_buck_bunny_nolist.f4m
f4m_req is sent!
## clientfd ##: 1012060160
server is ready to write
server is ready to write
server is ready to write
server is ready to write
server is ready to write
server is ready to write
server is ready to write
server is ready to write
server is ready to write
server is ready to write
server is ready to write
server is ready to write
server is ready to write
server is ready to write
server is ready to write
server is ready to write
server is ready to write
server is ready to write
server is ready to write
server is ready to write
server is ready to write
server is ready to write
server is ready to write
server is ready to write
server is ready to write
server is ready to write
server is ready to write
server is ready to write
server is ready to write
server is ready to write
server is ready to write
server is ready to write
server is ready to write
server is ready to write
server is ready to write
server is ready to write
server is ready to write
---------- .f4m result ---------
bitrate[0]: 10
bitrate[1]: 100
bitrate[2]: 500
bitrate[3]: 1000
-----------   end   ---------
-!!!!--- T current 7 init by mani: 10.000000 -!!!---

!!!!! accept new clientfd: 9
line 265,read_ret for skt_read_buf: 189
line 265,read_ret for skt_read_buf: -1
!!!parse success
line 312 after get_host_and_port
line 323 into while
#### before get new_bitrate ####
thr_cur check: 0.000000
====== thr_cur: 10.000000 =====
!!! manifest record of clientfd: 9 does not Exist!
 !!! Find manifest by ip! 


#################### proxy.log ####################


ERROR
INFO       2016-11-28 00:47:45,316 netsim:192     Stopping simulated network...
INFO       2016-11-28 00:47:45,316 netsim:195     Stopping apache...
INFO       2016-11-28 00:47:45,441 netsim:203     Disabling traffic shaping...
INFO       2016-11-28 00:47:45,750 netsim:210     Destroying network interfaces...
INFO       2016-11-28 00:47:45,948 netsim:216     Network stopped.
test_proxy_adaptation (__main__.Project3Checkpoint1Test) ... INFO       2016-11-28 00:47:46,546 netsim:162     Starting simulated network...
INFO       2016-11-28 00:47:46,546 netsim:165     Creating network interfaces...
INFO       2016-11-28 00:47:46,561 netsim:173     Enabling traffic shaping...
INFO       2016-11-28 00:47:47,287 netsim:181     Configuring apache...
INFO       2016-11-28 00:47:47,384 netsim:189     Network started.
!!! check thr_info: 0.000000, 0.000000
INFO       2016-11-28 00:47:50,633 netsim:143     Running link events...
INFO       2016-11-28 00:47:50,633 netsim:118     Updating link:  0 link1 2000kbit 0ms
INFO       2016-11-28 00:47:50,928 netsim:155     Done running events.

!!!!! accept new clientfd: 8
line 265,read_ret for skt_read_buf: 193
line 265,read_ret for skt_read_buf: -1
!!!parse success
line 312 after get_host_and_port
line 323 into while
new uri: /vod/big_buck_bunny_nolist.f4m
f4m_req is sent!
## clientfd ##: -874803200
---------- .f4m result ---------
bitrate[0]: 10
bitrate[1]: 100
bitrate[2]: 500
bitrate[3]: 1000
-----------   end   ---------
-!!!!--- T current 8 init by mani: 10.000000 -!!!---

!!!!! accept new clientfd: 10
line 265,read_ret for skt_read_buf: 189
line 265,read_ret for skt_read_buf: -1
!!!parse success
line 312 after get_host_and_port
line 323 into while
#### before get new_bitrate ####
thr_cur check: 0.000000
====== thr_cur: 10.000000 =====
!!! manifest record of clientfd: 10 does not Exist!
 !!! Find manifest by ip! 
INFO       2016-11-28 00:47:52,173 netsim:143     Running link events...
INFO       2016-11-28 00:47:52,173 netsim:118     Updating link:  0 link1 900kbit 0ms
INFO       2016-11-28 00:47:52,435 netsim:155     Done running events.


#################### proxy.log ####################


ERROR
INFO       2016-11-28 00:47:52,668 netsim:192     Stopping simulated network...
INFO       2016-11-28 00:47:52,668 netsim:195     Stopping apache...
INFO       2016-11-28 00:47:52,801 netsim:203     Disabling traffic shaping...
INFO       2016-11-28 00:47:53,040 netsim:210     Destroying network interfaces...
INFO       2016-11-28 00:47:53,203 netsim:216     Network stopped.
test_proxy_multiple_clients (__main__.Project3Checkpoint1Test) ... INFO       2016-11-28 00:47:53,757 netsim:162     Starting simulated network...
INFO       2016-11-28 00:47:53,757 netsim:165     Creating network interfaces...
INFO       2016-11-28 00:47:53,780 netsim:173     Enabling traffic shaping...
INFO       2016-11-28 00:47:54,845 netsim:181     Configuring apache...
INFO       2016-11-28 00:47:54,953 netsim:189     Network started.
!!! check thr_info: 0.000000, 0.000000
!!! check thr_info: 0.000000, 0.000000
INFO       2016-11-28 00:47:58,504 netsim:143     Running link events...
INFO       2016-11-28 00:47:58,505 netsim:118     Updating link:  0 link1 1900kbit 0ms
INFO       2016-11-28 00:47:58,928 netsim:155     Done running events.

!!!!! accept new clientfd: 8

!!!!! accept new clientfd: 8
line 265,read_ret for skt_read_buf: 193
line 265,read_ret for skt_read_buf: -1
!!!parse success
line 312 after get_host_and_port
line 265,read_ret for skt_read_buf: 193
line 265,read_ret for skt_read_buf: -1
!!!parse success
line 312 after get_host_and_port
line 323 into while
new uri: /vod/big_buck_bunny_nolist.f4m
line 323 into while
new uri: /vod/big_buck_bunny_nolist.f4m
f4m_req is sent!
## clientfd ##: -1472729088
server is ready to write
server is ready to write
f4m_req is sent!
## clientfd ##: 2029019136
server is ready to write
server is ready to write
server is ready to write
server is ready to write
server is ready to write
server is ready to write
server is ready to write
server is ready to write
server is ready to write
server is ready to write
server is ready to write
server is ready to write
server is ready to write
server is ready to write
server is ready to write
server is ready to write
server is ready to write
server is ready to write
server is ready to write
server is ready to write
server is ready to write
server is ready to write
server is ready to write
server is ready to write
server is ready to write
server is ready to write
server is ready to write
server is ready to write
server is ready to write
server is ready to write
server is ready to write
server is ready to write
server is ready to write
server is ready to write
server is ready to write
server is ready to write
server is ready to write
server is ready to write
server is ready to write
server is ready to write
server is ready to write
server is ready to write
server is ready to write
server is ready to write
server is ready to write
server is ready to write
server is ready to write
server is ready to write
server is ready to write
server is ready to write
server is ready to write
server is ready to write
server is ready to write
server is ready to write
server is ready to write
server is ready to write
server is ready to write
server is ready to write
server is ready to write
server is ready to write
server is ready to write
server is ready to write
server is ready to write
server is ready to write
server is ready to write
server is ready to write
server is ready to write
server is ready to write
server is ready to write
server is ready to write
server is ready to write
server is ready to write
server is ready to write
server is ready to write
server is ready to write
server is ready to write
server is ready to write
server is ready to write
server is ready to write
server is ready to write
server is ready to write
server is ready to write
server is ready to write
server is ready to write
server is ready to write
server is ready to write
server is ready to write
server is ready to write
server is ready to write
server is ready to write
server is ready to write
server is ready to write
server is ready to write
server is ready to write
server is ready to write
server is ready to write
server is ready to write
server is ready to write
server is ready to write
server is ready to write
server is ready to write
server is ready to write
server is ready to write
server is ready to write
server is ready to write
server is ready to write
server is ready to write
server is ready to write
server is ready to write
server is ready to write
server is ready to write
server is ready to write
server is ready to write
server is ready to write
server is ready to write
server is ready to write
server is ready to write
server is ready to write
server is ready to write
server is ready to write
server is ready to write
server is ready to write
server is ready to write
server is ready to write
server is ready to write
server is ready to write
server is ready to write
server is ready to write
server is ready to write
server is ready to write
server is ready to write
server is ready to write
server is ready to write
server is ready to write
server is ready to write
server is ready to write
server is ready to write
server is ready to write
server is ready to write
server is ready to write
server is ready to write
server is ready to write
server is ready to write
server is ready to write
server is ready to write
server is ready to write
server is ready to write
server is ready to write
server is ready to write
server is ready to write
server is ready to write
server is ready to write
server is ready to write
server is ready to write
server is ready to write
server is ready to write
server is ready to write
server is ready to write
server is ready to write
server is ready to write
server is ready to write
server is ready to write
server is ready to write
server is ready to write
server is ready to write
server is ready to write
server is ready to write
server is ready to write
server is ready to write
server is ready to write
server is ready to write
server is ready to write
server is ready to write
server is ready to write
server is ready to write
server is ready to write
server is ready to write
server is ready to write
server is ready to write
server is ready to write
server is ready to write
server is ready to write
server is ready to write
server is ready to write
server is ready to write
server is ready to write
server is ready to write
server is ready to write
server is ready to write
server is ready to write
server is ready to write
server is ready to write
server is ready to write
server is ready to write
server is ready to write
server is ready to write
server is ready to write
server is ready to write
server is ready to write
server is ready to write
server is ready to write
server is ready to write
server is ready to write
server is ready to write
server is ready to write
server is ready to write
server is ready to write
server is ready to write
server is ready to write
server is ready to write
server is ready to write
server is ready to write
server is ready to write
server is ready to write
server is ready to write
server is ready to write
server is ready to write
server is ready to write
server is ready to write
server is ready to write
server is ready to write
server is ready to write
server is ready to write
server is ready to write
server is ready to write
server is ready to write
server is ready to write
server is ready to write
server is ready to write
server is ready to write
server is ready to write
server is ready to write
server is ready to write
server is ready to write
server is ready to write
server is ready to write
server is ready to write
server is ready to write
server is ready to write
server is ready to write
server is ready to write
server is ready to write
server is ready to write
server is ready to write
server is ready to write
server is ready to write
server is ready to write
server is ready to write
server is ready to write
server is ready to write
server is ready to write
server is ready to write
server is ready to write
server is ready to write
server is ready to write
server is ready to write
server is ready to write
server is ready to write
server is ready to write
server is ready to write
server is ready to write
server is ready to write
server is ready to write
server is ready to write
server is ready to write
server is ready to write
server is ready to write
server is ready to write
server is ready to write
server is ready to write
server is ready to write
server is ready to write
server is ready to write
server is ready to write
server is ready to write
server is ready to write
server is ready to write
server is ready to write
server is ready to write
server is ready to write
server is ready to write
server is ready to write
server is ready to write
server is ready to write
server is ready to write
server is ready to write
server is ready to write
server is ready to write
server is ready to write
server is ready to write
server is ready to write
server is ready to write
server is ready to write
server is ready to write
server is ready to write
server is ready to write
server is ready to write
server is ready to write
server is ready to write
server is ready to write
server is ready to write
server is ready to write
server is ready to write
server is ready to write
server is ready to write
server is ready to write
server is ready to write
server is ready to write
server is ready to write
server is ready to write
server is ready to write
server is ready to write
server is ready to write
server is ready to write
server is ready to write
server is ready to write
server is ready to write
server is ready to write
server is ready to write
server is ready to write
server is ready to write
server is ready to write
server is ready to write
server is ready to write
server is ready to write
server is ready to write
server is ready to write
server is ready to write
server is ready to write
server is ready to write
server is ready to write
server is ready to write
server is ready to write
server is ready to write
server is ready to write
server is ready to write
server is ready to write
server is ready to write
server is ready to write
server is ready to write
server is ready to write
server is ready to write
server is ready to write
server is ready to write
server is ready to write
server is ready to write
server is ready to write
server is ready to write
server is ready to write
server is ready to write
server is ready to write
server is ready to write
server is ready to write
server is ready to write
server is ready to write
server is ready to write
server is ready to write
server is ready to write
server is ready to write
server is ready to write
server is ready to write
server is ready to write
server is ready to write
server is ready to write
server is ready to write
server is ready to write
server is ready to write
server is ready to write
server is ready to write
server is ready to write
server is ready to write
server is ready to write
server is ready to write
server is ready to write
server is ready to write
server is ready to write
server is ready to write
server is ready to write
server is ready to write
server is ready to write
server is ready to write
server is ready to write
server is ready to write
server is ready to write
server is ready to write
server is ready to write
server is ready to write
server is ready to write
server is ready to write
server is ready to write
server is ready to write
server is ready to write
server is ready to write
server is ready to write
server is ready to write
server is ready to write
server is ready to write
server is ready to write
server is ready to write
server is ready to write
server is ready to write
server is ready to write
server is ready to write
server is ready to write
server is ready to write
server is ready to write
server is ready to write
server is ready to write
server is ready to write
server is ready to write
server is ready to write
server is ready to write
server is ready to write
server is ready to write
server is ready to write
server is ready to write
server is ready to write
server is ready to write
server is ready to write
server is ready to write
server is ready to write
server is ready to write
server is ready to write
server is ready to write
server is ready to write
server is ready to write
server is ready to write
server is ready to write
server is ready to write
server is ready to write
server is ready to write
server is ready to write
server is ready to write
server is ready to write
server is ready to write
server is ready to write
server is ready to write
server is ready to write
server is ready to write
server is ready to write
server is ready to write
server is ready to write
server is ready to write
server is ready to write
server is ready to write
server is ready to write
server is ready to write
server is ready to write
server is ready to write
server is ready to write
server is ready to write
server is ready to write
server is ready to write
server is ready to write
server is ready to write
server is ready to write
server is ready to write
server is ready to write
server is ready to write
server is ready to write
server is ready to write
server is ready to write
server is ready to write
server is ready to write
server is ready to write
server is ready to write
server is ready to write
server is ready to write
server is ready to write
server is ready to write
server is ready to write
server is ready to write
server is ready to write
server is ready to write
server is ready to write
server is ready to write
server is ready to write
server is ready to write
server is ready to write
server is ready to write
server is ready to write
server is ready to write
server is ready to write
server is ready to write
server is ready to write
server is ready to write
server is ready to write
server is ready to write
server is ready to write
server is ready to write
server is ready to write
server is ready to write
server is ready to write
server is ready to write
server is ready to write
server is ready to write
server is ready to write
server is ready to write
server is ready to write
server is ready to write
server is ready to write
server is ready to write
server is ready to write
server is ready to write
server is ready to write
server is ready to write
server is ready to write
server is ready to write
server is ready to write
server is ready to write
server is ready to write
server is ready to write
server is ready to write
server is ready to write
server is ready to write
server is ready to write
server is ready to write
server is ready to write
server is ready to write
server is ready to write
server is ready to write
server is ready to write
server is ready to write
server is ready to write
server is ready to write
server is ready to write
server is ready to write
server is ready to write
server is ready to write
server is ready to write
server is ready to write
server is ready to write
server is ready to write
server is ready to write
server is ready to write
server is ready to write
server is ready to write
server is ready to write
server is ready to write
server is ready to write
server is ready to write
server is ready to write
server is ready to write
server is ready to write
server is ready to write
server is ready to write
server is ready to write
server is ready to write
server is ready to write
server is ready to write
server is ready to write
server is ready to write
server is ready to write
server is ready to write
server is ready to write
server is ready to write
server is ready to write
server is ready to write
server is ready to write
server is ready to write
server is ready to write
server is ready to write
server is ready to write
server is ready to write
server is ready to write
server is ready to write
server is ready to write
server is ready to write
server is ready to write
server is ready to write
server is ready to write
server is ready to write
server is ready to write
server is ready to write
server is ready to write
server is ready to write
server is ready to write
server is ready to write
server is ready to write
server is ready to write
server is ready to write
server is ready to write
server is ready to write
server is ready to write
server is ready to write
server is ready to write
server is ready to write
server is ready to write
server is ready to write
server is ready to write
server is ready to write
server is ready to write
server is ready to write
server is ready to write
server is ready to write
server is ready to write
server is ready to write
server is ready to write
server is ready to write
server is ready to write
server is ready to write
server is ready to write
server is ready to write
server is ready to write
server is ready to write
server is ready to write
server is ready to write
server is ready to write
server is ready to write
server is ready to write
server is ready to write
server is ready to write
server is ready to write
server is ready to write
server is ready to write
server is ready to write
server is ready to write
server is ready to write
server is ready to write
server is ready to write
server is ready to write
server is ready to write
server is ready to write
server is ready to write
server is ready to write
server is ready to write
server is ready to write
server is ready to write
server is ready to write
server is ready to write
server is ready to write
server is ready to write
server is ready to write
server is ready to write
server is ready to write
server is ready to write
server is ready to write
server is ready to write
server is ready to write
server is ready to write
server is ready to write
server is ready to write
server is ready to write
server is ready to write
server is ready to write
server is ready to write
server is ready to write
server is ready to write
server is ready to write
server is ready to write
server is ready to write
server is ready to write
server is ready to write
server is ready to write
server is ready to write
server is ready to write
server is ready to write
server is ready to write
server is ready to write
server is ready to write
server is ready to write
server is ready to write
server is ready to write
server is ready to write
server is ready to write
server is ready to write
server is ready to write
server is ready to write
server is ready to write
server is ready to write
server is ready to write
server is ready to write
server is ready to write
server is ready to write
server is ready to write
server is ready to write
server is ready to write
server is ready to write
server is ready to write
server is ready to write
server is ready to write
server is ready to write
server is ready to write
server is ready to write
server is ready to write
server is ready to write
server is ready to write
server is ready to write
server is ready to write
server is ready to write
server is ready to write
server is ready to write
server is ready to write
server is ready to write
server is ready to write
server is ready to write
server is ready to write
server is ready to write
server is ready to write
server is ready to write
server is ready to write
server is ready to write
server is ready to write
server is ready to write
server is ready to write
server is ready to write
server is ready to write
server is ready to write
server is ready to write
server is ready to write
server is ready to write
server is ready to write
server is ready to write
server is ready to write
server is ready to write
server is ready to write
server is ready to write
server is ready to write
server is ready to write
server is ready to write
server is ready to write
server is ready to write
server is ready to write
server is ready to write
server is ready to write
server is ready to write
server is ready to write
server is ready to write
server is ready to write
server is ready to write
server is ready to write
server is ready to write
server is ready to write
server is ready to write
server is ready to write
server is ready to write
server is ready to write
server is ready to write
server is ready to write
server is ready to write
server is ready to write
server is ready to write
server is ready to write
server is ready to write
server is ready to write
server is ready to write
server is ready to write
server is ready to write
server is ready to write
server is ready to write
server is ready to write
server is ready to write
server is ready to write
server is ready to write
server is ready to write
server is ready to write
server is ready to write
server is ready to write
server is ready to write
server is ready to write
server is ready to write
server is ready to write
server is ready to write
server is ready to write
server is ready to write
server is ready to write
server is ready to write
server is ready to write
server is ready to write
server is ready to write
server is ready to write
server is ready to write
server is ready to write
server is ready to write
server is ready to write
server is ready to write
server is ready to write
server is ready to write
server is ready to write
server is ready to write
server is ready to write
server is ready to write
server is ready to write
server is ready to write
server is ready to write
server is ready to write
server is ready to write
server is ready to write
server is ready to write
server is ready to write
server is ready to write
server is ready to write
server is ready to write
server is ready to write
server is ready to write
server is ready to write
server is ready to write
server is ready to write
server is ready to write
server is ready to write
server is ready to write
server is ready to write
server is ready to write
server is ready to write
server is ready to write
server is ready to write
server is ready to write
server is ready to write
server is ready to write
server is ready to write
server is ready to write
server is ready to write
server is ready to write
server is ready to write
server is ready to write
server is ready to write
server is ready to write
server is ready to write
server is ready to write
server is ready to write
server is ready to write
server is ready to write
server is ready to write
server is ready to write
server is ready to write
server is ready to write
server is ready to write
server is ready to write
server is ready to write
server is ready to write
server is ready to write
server is ready to write
server is ready to write
server is ready to write
server is ready to write
server is ready to write
server is ready to write
server is ready to write
server is ready to write
server is ready to write
server is ready to write
server is ready to write
server is ready to write
server is ready to write
server is ready to write
server is ready to write
server is ready to write
server is ready to write
server is ready to write
server is ready to write
server is ready to write
server is ready to write
server is ready to write
server is ready to write
server is ready to write
server is ready to write
server is ready to write
server is ready to write
server is ready to write
server is ready to write
server is ready to write
server is ready to write
server is ready to write
server is ready to write
server is ready to write
server is ready to write
server is ready to write
server is ready to write
server is ready to write
server is ready to write
server is ready to write
server is ready to write
server is ready to write
server is ready to write
server is ready to write
server is ready to write
server is ready to write
server is ready to write
server is ready to write
server is ready to write
server is ready to write
server is ready to write
server is ready to write
server is ready to write
server is ready to write
server is ready to write
server is ready to write
server is ready to write
server is ready to write
server is ready to write
server is ready to write
server is ready to write
server is ready to write
server is ready to write
server is ready to write
server is ready to write
server is ready to write
server is ready to write
server is ready to write
server is ready to write
server is ready to write
server is ready to write
server is ready to write
server is ready to write
server is ready to write
server is ready to write
server is ready to write
server is ready to write
server is ready to write
server is ready to write
server is ready to write
server is ready to write
server is ready to write
server is ready to write
server is ready to write
server is ready to write
server is ready to write
server is ready to write
server is ready to write
server is ready to write
server is ready to write
server is ready to write
server is ready to write
server is ready to write
server is ready to write
server is ready to write
server is ready to write
server is ready to write
server is ready to write
server is ready to write
server is ready to write
server is ready to write
server is ready to write
server is ready to write
server is ready to write
server is ready to write
server is ready to write
server is ready to write
server is ready to write
server is ready to write
server is ready to write
server is ready to write
server is ready to write
server is ready to write
server is ready to write
server is ready to write
server is ready to write
server is ready to write
server is ready to write
server is ready to write
server is ready to write
server is ready to write
server is ready to write
server is ready to write
server is ready to write
server is ready to write
server is ready to write
server is ready to write
server is ready to write
server is ready to write
server is ready to write
server is ready to write
server is ready to write
server is ready to write
server is ready to write
server is ready to write
server is ready to write
server is ready to write
server is ready to write
server is ready to write
server is ready to write
server is ready to write
server is ready to write
server is ready to write
server is ready to write
server is ready to write
server is ready to write
server is ready to write
server is ready to write
server is ready to write
server is ready to write
server is ready to write
server is ready to write
server is ready to write
server is ready to write
server is ready to write
server is ready to write
server is ready to write
server is ready to write
server is ready to write
server is ready to write
server is ready to write
server is ready to write
server is ready to write
server is ready to write
server is ready to write
server is ready to write
server is ready to write
server is ready to write
server is ready to write
server is ready to write
server is ready to write
server is ready to write
server is ready to write
server is ready to write
server is ready to write
server is ready to write
server is ready to write
server is ready to write
server is ready to write
server is ready to write
server is ready to write
server is ready to write
server is ready to write
server is ready to write
server is ready to write
server is ready to write
server is ready to write
server is ready to write
server is ready to write
server is ready to write
server is ready to write
server is ready to write
server is ready to write
server is ready to write
server is ready to write
server is ready to write
server is ready to write
server is ready to write
server is ready to write
server is ready to write
server is ready to write
server is ready to write
server is ready to write
server is ready to write
server is ready to write
server is ready to write
server is ready to write
server is ready to write
---------- .f4m result ---------
bitrate[0]: 10
bitrate[1]: 100
bitrate[2]: 500
bitrate[3]: 1000
-----------   end   ---------
-!!!!--- T current 8 init by mani: 10.000000 -!!!---
---------- .f4m result ---------
bitrate[0]: 10
bitrate[1]: 100
bitrate[2]: 500
bitrate[3]: 1000
-----------   end   ---------
-!!!!--- T current 8 init by mani: 10.000000 -!!!---

!!!!! accept new clientfd: 10
line 265,read_ret for skt_read_buf: 189
line 265,read_ret for skt_read_buf: -1
!!!parse success
line 312 after get_host_and_port

!!!!! accept new clientfd: 10
line 265,read_ret for skt_read_buf: 189
line 265,read_ret for skt_read_buf: -1
!!!parse success
line 312 after get_host_and_port
line 323 into while
#### before get new_bitrate ####
thr_cur check: 0.000000
====== thr_cur: 10.000000 =====
!!! manifest record of clientfd: 10 does not Exist!
 !!! Find manifest by ip! 
line 323 into while
#### before get new_bitrate ####
thr_cur check: 0.000000
====== thr_cur: 10.000000 =====
!!! manifest record of clientfd: 10 does not Exist!
 !!! Find manifest by ip! 


#################### proxy1.log ####################




#################### proxy2.log ####################


ERROR
INFO       2016-11-28 00:47:59,461 netsim:192     Stopping simulated network...
INFO       2016-11-28 00:47:59,461 netsim:195     Stopping apache...
INFO       2016-11-28 00:47:59,666 netsim:203     Disabling traffic shaping...
INFO       2016-11-28 00:47:59,910 netsim:210     Destroying network interfaces...
INFO       2016-11-28 00:48:00,071 netsim:216     Network stopped.

======================================================================
ERROR: test_proxy_simple (__main__.Project3Checkpoint1Test)
----------------------------------------------------------------------
Traceback (most recent call last):
  File "/home/proj3/P3_chp1_test/bitrate-project/grader/grader_super.py", line 188, in test_proxy_simple
    self.check_errors()
  File "/home/proj3/P3_chp1_test/bitrate-project/grader/grader_super.py", line 122, in check_gets
    r = requests.get('http://%s:%s/vod/1000Seg2-Frag7' %(ip, port))
  File "/usr/lib/python2.7/site-packages/requests/api.py", line 55, in get
    return request('get', url, **kwargs)
  File "/usr/lib/python2.7/site-packages/requests/api.py", line 44, in request
    return session.request(method=method, url=url, **kwargs)
  File "/usr/lib/python2.7/site-packages/requests/sessions.py", line 335, in request
    resp = self.send(prep, **send_kwargs)
  File "/usr/lib/python2.7/site-packages/requests/sessions.py", line 438, in send
    r = adapter.send(request, **kwargs)
  File "/usr/lib/python2.7/site-packages/requests/adapters.py", line 327, in send
    raise ConnectionError(e)
ConnectionError: HTTPConnectionPool(host='1.0.0.1', port=17604): Max retries exceeded with url: /vod/1000Seg2-Frag7 (Caused by <class 'httplib.BadStatusLine'>: '')

======================================================================
ERROR: test_proxy_adaptation (__main__.Project3Checkpoint1Test)
----------------------------------------------------------------------
Traceback (most recent call last):
  File "/home/proj3/P3_chp1_test/bitrate-project/grader/grader_super.py", line 199, in test_proxy_adaptation
    self.check_errors()
  File "/home/proj3/P3_chp1_test/bitrate-project/grader/grader_super.py", line 116, in check_gets
    r = requests.get('http://%s:%s/vod/big_buck_bunny.f4m' % (ip, port))
  File "/usr/lib/python2.7/site-packages/requests/api.py", line 55, in get
    return request('get', url, **kwargs)
  File "/usr/lib/python2.7/site-packages/requests/api.py", line 44, in request
    return session.request(method=method, url=url, **kwargs)
  File "/usr/lib/python2.7/site-packages/requests/sessions.py", line 335, in request
    resp = self.send(prep, **send_kwargs)
  File "/usr/lib/python2.7/site-packages/requests/sessions.py", line 438, in send
    r = adapter.send(request, **kwargs)
  File "/usr/lib/python2.7/site-packages/requests/adapters.py", line 327, in send
    raise ConnectionError(e)
ConnectionError: HTTPConnectionPool(host='1.0.0.1', port=36553): Max retries exceeded with url: /vod/big_buck_bunny.f4m (Caused by <class 'socket.error'>: [Errno 111] Connection refused)

======================================================================
ERROR: test_proxy_multiple_clients (__main__.Project3Checkpoint1Test)
----------------------------------------------------------------------
Traceback (most recent call last):
  File "/home/proj3/P3_chp1_test/bitrate-project/grader/grader_super.py", line 218, in test_proxy_multiple_clients
    self.check_errors()
  File "/home/proj3/P3_chp1_test/bitrate-project/grader/grader_super.py", line 122, in check_gets
    r = requests.get('http://%s:%s/vod/1000Seg2-Frag7' %(ip, port))
  File "/usr/lib/python2.7/site-packages/requests/api.py", line 55, in get
    return request('get', url, **kwargs)
  File "/usr/lib/python2.7/site-packages/requests/api.py", line 44, in request
    return session.request(method=method, url=url, **kwargs)
  File "/usr/lib/python2.7/site-packages/requests/sessions.py", line 335, in request
    resp = self.send(prep, **send_kwargs)
  File "/usr/lib/python2.7/site-packages/requests/sessions.py", line 438, in send
    r = adapter.send(request, **kwargs)
  File "/usr/lib/python2.7/site-packages/requests/adapters.py", line 327, in send
    raise ConnectionError(e)
ConnectionError: HTTPConnectionPool(host='1.0.0.1', port=35603): Max retries exceeded with url: /vod/1000Seg2-Frag7 (Caused by <class 'httplib.BadStatusLine'>: '')

----------------------------------------------------------------------
Ran 3 tests in 21.522s

FAILED (errors=3)
{'test_proxy_adaptation': 0, 'test_proxy_multiple_clients': 0, 'test_proxy_simple': 0}
{"scores": {"proxy": 0}}

